[    0.000000] microcode: microcode updated early to revision 0x20, date = 2018-04-10
[    0.000000] Linux version 4.18.1-arch1-1-ARCH (builduser@heftig-21694) (gcc version 8.2.0 (GCC)) #1 SMP PREEMPT Wed Aug 15 21:11:55 UTC 2018
[    0.000000] Command line: BOOT_IMAGE=/vmlinuz-linux root=UUID=da44d8a7-e6df-4421-b48d-3d0172d8b05d rw rcutree.rcu_idle_gp_delay=1 quiet
[    0.000000] KERNEL supported cpus:
[    0.000000]   Intel GenuineIntel
[    0.000000]   AMD AuthenticAMD
[    0.000000]   Centaur CentaurHauls
[    0.000000] x86/fpu: Supporting XSAVE feature 0x001: 'x87 floating point registers'
[    0.000000] x86/fpu: Supporting XSAVE feature 0x002: 'SSE registers'
[    0.000000] x86/fpu: Supporting XSAVE feature 0x004: 'AVX registers'
[    0.000000] x86/fpu: xstate_offset[2]:  576, xstate_sizes[2]:  256
[    0.000000] x86/fpu: Enabled xstate features 0x7, context size is 832 bytes, using 'standard' format.
[    0.000000] BIOS-provided physical RAM map:
[    0.000000] BIOS-e820: [mem 0x0000000000000000-0x000000000009efff] usable
[    0.000000] BIOS-e820: [mem 0x000000000009f000-0x000000000009ffff] reserved
[    0.000000] BIOS-e820: [mem 0x0000000000100000-0x000000001fffffff] usable
[    0.000000] BIOS-e820: [mem 0x0000000020000000-0x00000000201fffff] reserved
[    0.000000] BIOS-e820: [mem 0x0000000020200000-0x0000000040003fff] usable
[    0.000000] BIOS-e820: [mem 0x0000000040004000-0x0000000040004fff] reserved
[    0.000000] BIOS-e820: [mem 0x0000000040005000-0x00000000c973cfff] usable
[    0.000000] BIOS-e820: [mem 0x00000000c973d000-0x00000000c9d3dfff] ACPI NVS
[    0.000000] BIOS-e820: [mem 0x00000000c9d3e000-0x00000000c9d40fff] type 20
[    0.000000] BIOS-e820: [mem 0x00000000c9d41000-0x00000000c9d57fff] usable
[    0.000000] BIOS-e820: [mem 0x00000000c9d58000-0x00000000c9d5dfff] type 20
[    0.000000] BIOS-e820: [mem 0x00000000c9d5e000-0x00000000c9d5ffff] usable
[    0.000000] BIOS-e820: [mem 0x00000000c9d60000-0x00000000c9d6dfff] type 20
[    0.000000] BIOS-e820: [mem 0x00000000c9d6e000-0x00000000c9f04fff] usable
[    0.000000] BIOS-e820: [mem 0x00000000c9f05000-0x00000000c9f08fff] type 20
[    0.000000] BIOS-e820: [mem 0x00000000c9f09000-0x00000000c9f51fff] usable
[    0.000000] BIOS-e820: [mem 0x00000000c9f52000-0x00000000c9f58fff] type 20
[    0.000000] BIOS-e820: [mem 0x00000000c9f59000-0x00000000c9f5afff] usable
[    0.000000] BIOS-e820: [mem 0x00000000c9f5b000-0x00000000c9f67fff] reserved
[    0.000000] BIOS-e820: [mem 0x00000000c9f68000-0x00000000c9f79fff] type 20
[    0.000000] BIOS-e820: [mem 0x00000000c9f7a000-0x00000000c9f7cfff] usable
[    0.000000] BIOS-e820: [mem 0x00000000c9f7d000-0x00000000c9f7efff] type 20
[    0.000000] BIOS-e820: [mem 0x00000000c9f7f000-0x00000000c9f95fff] usable
[    0.000000] BIOS-e820: [mem 0x00000000c9f96000-0x00000000c9f9bfff] type 20
[    0.000000] BIOS-e820: [mem 0x00000000c9f9c000-0x00000000c9fa3fff] usable
[    0.000000] BIOS-e820: [mem 0x00000000c9fa4000-0x00000000c9fa4fff] type 20
[    0.000000] BIOS-e820: [mem 0x00000000c9fa5000-0x00000000c9fb3fff] usable
[    0.000000] BIOS-e820: [mem 0x00000000c9fb4000-0x00000000c9fb4fff] type 20
[    0.000000] BIOS-e820: [mem 0x00000000c9fb5000-0x00000000c9fbffff] usable
[    0.000000] BIOS-e820: [mem 0x00000000c9fc0000-0x00000000c9fc4fff] type 20
[    0.000000] BIOS-e820: [mem 0x00000000c9fc5000-0x00000000c9fe3fff] usable
[    0.000000] BIOS-e820: [mem 0x00000000c9fe4000-0x00000000c9fe5fff] type 20
[    0.000000] BIOS-e820: [mem 0x00000000c9fe6000-0x00000000c9ff2fff] usable
[    0.000000] BIOS-e820: [mem 0x00000000c9ff3000-0x00000000c9ff3fff] type 20
[    0.000000] BIOS-e820: [mem 0x00000000c9ff4000-0x00000000ca005fff] usable
[    0.000000] BIOS-e820: [mem 0x00000000ca006000-0x00000000ca02cfff] type 20
[    0.000000] BIOS-e820: [mem 0x00000000ca02d000-0x00000000ca040fff] usable
[    0.000000] BIOS-e820: [mem 0x00000000ca041000-0x00000000ca041fff] type 20
[    0.000000] BIOS-e820: [mem 0x00000000ca042000-0x00000000ca042fff] usable
[    0.000000] BIOS-e820: [mem 0x00000000ca043000-0x00000000ca044fff] type 20
[    0.000000] BIOS-e820: [mem 0x00000000ca045000-0x00000000ca045fff] usable
[    0.000000] BIOS-e820: [mem 0x00000000ca046000-0x00000000ca04afff] type 20
[    0.000000] BIOS-e820: [mem 0x00000000ca04b000-0x00000000ca061fff] usable
[    0.000000] BIOS-e820: [mem 0x00000000ca062000-0x00000000ca0c1fff] reserved
[    0.000000] BIOS-e820: [mem 0x00000000ca0c2000-0x00000000ca0dcfff] type 20
[    0.000000] BIOS-e820: [mem 0x00000000ca0dd000-0x00000000ca606fff] reserved
[    0.000000] BIOS-e820: [mem 0x00000000ca607000-0x00000000ca886fff] ACPI NVS
[    0.000000] BIOS-e820: [mem 0x00000000ca887000-0x00000000ca88bfff] ACPI data
[    0.000000] BIOS-e820: [mem 0x00000000ca88c000-0x00000000ca88cfff] usable
[    0.000000] BIOS-e820: [mem 0x00000000ca88d000-0x00000000ca8cffff] ACPI NVS
[    0.000000] BIOS-e820: [mem 0x00000000ca8d0000-0x00000000cacdffff] usable
[    0.000000] BIOS-e820: [mem 0x00000000cace0000-0x00000000caff3fff] reserved
[    0.000000] BIOS-e820: [mem 0x00000000caff4000-0x00000000caffffff] usable
[    0.000000] BIOS-e820: [mem 0x00000000cbc00000-0x00000000cfdfffff] reserved
[    0.000000] BIOS-e820: [mem 0x00000000f8000000-0x00000000fbffffff] reserved
[    0.000000] BIOS-e820: [mem 0x00000000fec00000-0x00000000fec00fff] reserved
[    0.000000] BIOS-e820: [mem 0x00000000fed00000-0x00000000fed03fff] reserved
[    0.000000] BIOS-e820: [mem 0x00000000fed1c000-0x00000000fed1ffff] reserved
[    0.000000] BIOS-e820: [mem 0x00000000fee00000-0x00000000fee00fff] reserved
[    0.000000] BIOS-e820: [mem 0x00000000ff000000-0x00000000ffffffff] reserved
[    0.000000] BIOS-e820: [mem 0x0000000100000000-0x00000001af1fffff] usable
[    0.000000] NX (Execute Disable) protection: active
[    0.000000] efi: EFI v2.31 by American Megatrends
[    0.000000] efi:  ACPI=0xca857000  ACPI 2.0=0xca857000  SMBIOS=0xf04c0  MPS=0xfd4d0 
[    0.000000] SMBIOS 2.7 present.
[    0.000000] DMI: ASUSTeK COMPUTER INC. K46CB/K46CB, BIOS K46CB.207 05/17/2013
[    0.000000] e820: update [mem 0x00000000-0x00000fff] usable ==> reserved
[    0.000000] e820: remove [mem 0x000a0000-0x000fffff] usable
[    0.000000] last_pfn = 0x1af200 max_arch_pfn = 0x400000000
[    0.000000] MTRR default type: uncachable
[    0.000000] MTRR fixed ranges enabled:
[    0.000000]   00000-9FFFF write-back
[    0.000000]   A0000-BFFFF uncachable
[    0.000000]   C0000-CFFFF write-protect
[    0.000000]   D0000-DFFFF uncachable
[    0.000000]   E0000-FFFFF write-protect
[    0.000000] MTRR variable ranges enabled:
[    0.000000]   0 base 000000000 mask F00000000 write-back
[    0.000000]   1 base 100000000 mask F80000000 write-back
[    0.000000]   2 base 180000000 mask FC0000000 write-back
[    0.000000]   3 base 0E0000000 mask FE0000000 uncachable
[    0.000000]   4 base 0D0000000 mask FF0000000 uncachable
[    0.000000]   5 base 0CC000000 mask FFC000000 uncachable
[    0.000000]   6 base 0CBC00000 mask FFFC00000 uncachable
[    0.000000]   7 base 1B0000000 mask FF0000000 uncachable
[    0.000000]   8 base 1AF800000 mask FFF800000 uncachable
[    0.000000]   9 base 1AF400000 mask FFFC00000 uncachable
[    0.000000] x86/PAT: Configuration [0-7]: WB  WC  UC- UC  WB  WP  UC- WT  
[    0.000000] total RAM covered: 6064M
[    0.000000] Found optimal setting for mtrr clean up
[    0.000000]  gran_size: 64K 	chunk_size: 16M 	num_reg: 10  	lose cover RAM: 0G
[    0.000000] e820: update [mem 0xcbc00000-0xffffffff] usable ==> reserved
[    0.000000] last_pfn = 0xcb000 max_arch_pfn = 0x400000000
[    0.000000] found SMP MP-table at [mem 0x000fd7f0-0x000fd7ff] mapped at [(____ptrval____)]
[    0.000000] Scanning 1 areas for low memory corruption
[    0.000000] Base memory trampoline at [(____ptrval____)] 97000 size 24576
[    0.000000] BRK [0x61676000, 0x61676fff] PGTABLE
[    0.000000] BRK [0x61677000, 0x61677fff] PGTABLE
[    0.000000] BRK [0x61678000, 0x61678fff] PGTABLE
[    0.000000] BRK [0x61679000, 0x61679fff] PGTABLE
[    0.000000] BRK [0x6167a000, 0x6167afff] PGTABLE
[    0.000000] BRK [0x6167b000, 0x6167bfff] PGTABLE
[    0.000000] BRK [0x6167c000, 0x6167cfff] PGTABLE
[    0.000000] BRK [0x6167d000, 0x6167dfff] PGTABLE
[    0.000000] BRK [0x6167e000, 0x6167efff] PGTABLE
[    0.000000] BRK [0x6167f000, 0x6167ffff] PGTABLE
[    0.000000] BRK [0x61680000, 0x61680fff] PGTABLE
[    0.000000] BRK [0x61681000, 0x61681fff] PGTABLE
[    0.000000] Secure boot could not be determined
[    0.000000] RAMDISK: [mem 0x36a32000-0x37510fff]
[    0.000000] ACPI: Early table checksum verification disabled
[    0.000000] ACPI: RSDP 0x00000000CA857000 000024 (v02 _ASUS_)
[    0.000000] ACPI: XSDT 0x00000000CA857090 0000AC (v01 _ASUS_ Notebook 01072009 AMI  00010013)
[    0.000000] ACPI: FACP 0x00000000CA86A6F0 00010C (v05 _ASUS_ Notebook 01072009 AMI  00010013)
[    0.000000] ACPI: DSDT 0x00000000CA8571D0 013520 (v02 _ASUS_ Notebook 00000013 INTL 20091112)
[    0.000000] ACPI: FACS 0x00000000CA884080 000040
[    0.000000] ACPI: APIC 0x00000000CA86A800 000072 (v03 _ASUS_ Notebook 01072009 AMI  00010013)
[    0.000000] ACPI: FPDT 0x00000000CA86A878 000044 (v01 _ASUS_ Notebook 01072009 AMI  00010013)
[    0.000000] ACPI: ECDT 0x00000000CA86A8C0 0000C1 (v01 _ASUS_ Notebook 01072009 AMI. 00000005)
[    0.000000] ACPI: MCFG 0x00000000CA86A988 00003C (v01 _ASUS_ Notebook 01072009 MSFT 00000097)
[    0.000000] ACPI: SSDT 0x00000000CA86A9C8 000A3C (v01 DptfTa DptfTab  00001000 INTL 20091112)
[    0.000000] ACPI: SSDT 0x00000000CA86B408 000CA5 (v01 SADptf SADptf_  00001000 INTL 20091112)
[    0.000000] ACPI: SSDT 0x00000000CA86C0B0 000098 (v01 PchDpt PchDptf  00001000 INTL 20091112)
[    0.000000] ACPI: SSDT 0x00000000CA86C148 00091C (v01 CfgTDP CfgTDP_  00001000 INTL 20091112)
[    0.000000] ACPI: HPET 0x00000000CA86CA68 000038 (v01 _ASUS_ Notebook 01072009 AMI. 00000005)
[    0.000000] ACPI: SSDT 0x00000000CA86CAA0 00066E (v01 AhciR1 AhciTab1 00001000 INTL 20091112)
[    0.000000] ACPI: SSDT 0x00000000CA86D110 00049E (v01 AhciR2 AhciTab2 00001000 INTL 20091112)
[    0.000000] ACPI: SSDT 0x00000000CA86D5B0 000886 (v01 PmRef  Cpu0Ist  00003000 INTL 20051117)
[    0.000000] ACPI: SSDT 0x00000000CA86DE38 000B18 (v01 PmRef  CpuPm    00003000 INTL 20051117)
[    0.000000] ACPI: DMAR 0x00000000CA86E950 0000B8 (v01 INTEL  SNB      00000001 INTL 00000001)
[    0.000000] ACPI: SSDT 0x00000000CA86EA08 0000D0 (v01 Iffs   IffsAsl  00003000 INTL 20051117)
[    0.000000] ACPI: MSDM 0x00000000CA606E18 000055 (v03 _ASUS_ Notebook 00000000 ASUS 00000001)
[    0.000000] ACPI: Local APIC address 0xfee00000
[    0.000000] No NUMA configuration found
[    0.000000] Faking a node at [mem 0x0000000000000000-0x00000001af1fffff]
[    0.000000] NODE_DATA(0) allocated [mem 0x1af1f6000-0x1af1f9fff]
[    0.000000] tsc: Fast TSC calibration using PIT
[    0.000000] Zone ranges:
[    0.000000]   DMA      [mem 0x0000000000001000-0x0000000000ffffff]
[    0.000000]   DMA32    [mem 0x0000000001000000-0x00000000ffffffff]
[    0.000000]   Normal   [mem 0x0000000100000000-0x00000001af1fffff]
[    0.000000]   Device   empty
[    0.000000] Movable zone start for each node
[    0.000000] Early memory node ranges
[    0.000000]   node   0: [mem 0x0000000000001000-0x000000000009efff]
[    0.000000]   node   0: [mem 0x0000000000100000-0x000000001fffffff]
[    0.000000]   node   0: [mem 0x0000000020200000-0x0000000040003fff]
[    0.000000]   node   0: [mem 0x0000000040005000-0x00000000c973cfff]
[    0.000000]   node   0: [mem 0x00000000c9d41000-0x00000000c9d57fff]
[    0.000000]   node   0: [mem 0x00000000c9d5e000-0x00000000c9d5ffff]
[    0.000000]   node   0: [mem 0x00000000c9d6e000-0x00000000c9f04fff]
[    0.000000]   node   0: [mem 0x00000000c9f09000-0x00000000c9f51fff]
[    0.000000]   node   0: [mem 0x00000000c9f59000-0x00000000c9f5afff]
[    0.000000]   node   0: [mem 0x00000000c9f7a000-0x00000000c9f7cfff]
[    0.000000]   node   0: [mem 0x00000000c9f7f000-0x00000000c9f95fff]
[    0.000000]   node   0: [mem 0x00000000c9f9c000-0x00000000c9fa3fff]
[    0.000000]   node   0: [mem 0x00000000c9fa5000-0x00000000c9fb3fff]
[    0.000000]   node   0: [mem 0x00000000c9fb5000-0x00000000c9fbffff]
[    0.000000]   node   0: [mem 0x00000000c9fc5000-0x00000000c9fe3fff]
[    0.000000]   node   0: [mem 0x00000000c9fe6000-0x00000000c9ff2fff]
[    0.000000]   node   0: [mem 0x00000000c9ff4000-0x00000000ca005fff]
[    0.000000]   node   0: [mem 0x00000000ca02d000-0x00000000ca040fff]
[    0.000000]   node   0: [mem 0x00000000ca042000-0x00000000ca042fff]
[    0.000000]   node   0: [mem 0x00000000ca045000-0x00000000ca045fff]
[    0.000000]   node   0: [mem 0x00000000ca04b000-0x00000000ca061fff]
[    0.000000]   node   0: [mem 0x00000000ca88c000-0x00000000ca88cfff]
[    0.000000]   node   0: [mem 0x00000000ca8d0000-0x00000000cacdffff]
[    0.000000]   node   0: [mem 0x00000000caff4000-0x00000000caffffff]
[    0.000000]   node   0: [mem 0x0000000100000000-0x00000001af1fffff]
[    0.000000] Reserved but unavailable: 25703 pages
[    0.000000] Initmem setup node 0 [mem 0x0000000000001000-0x00000001af1fffff]
[    0.000000] On node 0 totalpages: 1543577
[    0.000000]   DMA zone: 64 pages used for memmap
[    0.000000]   DMA zone: 27 pages reserved
[    0.000000]   DMA zone: 3998 pages, LIFO batch:0
[    0.000000]   DMA32 zone: 12848 pages used for memmap
[    0.000000]   DMA32 zone: 822267 pages, LIFO batch:31
[    0.000000]   Normal zone: 11208 pages used for memmap
[    0.000000]   Normal zone: 717312 pages, LIFO batch:31
[    0.000000] Reserving Intel graphics memory at [mem 0xcbe00000-0xcfdfffff]
[    0.000000] ACPI: PM-Timer IO Port: 0x408
[    0.000000] ACPI: Local APIC address 0xfee00000
[    0.000000] ACPI: LAPIC_NMI (acpi_id[0xff] high edge lint[0x1])
[    0.000000] IOAPIC[0]: apic_id 2, version 32, address 0xfec00000, GSI 0-23
[    0.000000] ACPI: INT_SRC_OVR (bus 0 bus_irq 0 global_irq 2 dfl dfl)
[    0.000000] ACPI: INT_SRC_OVR (bus 0 bus_irq 9 global_irq 9 high level)
[    0.000000] ACPI: IRQ0 used by override.
[    0.000000] ACPI: IRQ9 used by override.
[    0.000000] Using ACPI (MADT) for SMP configuration information
[    0.000000] ACPI: HPET id: 0x8086a701 base: 0xfed00000
[    0.000000] smpboot: Allowing 4 CPUs, 0 hotplug CPUs
[    0.000000] PM: Registered nosave memory: [mem 0x00000000-0x00000fff]
[    0.000000] PM: Registered nosave memory: [mem 0x0009f000-0x0009ffff]
[    0.000000] PM: Registered nosave memory: [mem 0x000a0000-0x000fffff]
[    0.000000] PM: Registered nosave memory: [mem 0x20000000-0x201fffff]
[    0.000000] PM: Registered nosave memory: [mem 0x40004000-0x40004fff]
[    0.000000] PM: Registered nosave memory: [mem 0xc973d000-0xc9d3dfff]
[    0.000000] PM: Registered nosave memory: [mem 0xc9d3e000-0xc9d40fff]
[    0.000000] PM: Registered nosave memory: [mem 0xc9d58000-0xc9d5dfff]
[    0.000000] PM: Registered nosave memory: [mem 0xc9d60000-0xc9d6dfff]
[    0.000000] PM: Registered nosave memory: [mem 0xc9f05000-0xc9f08fff]
[    0.000000] PM: Registered nosave memory: [mem 0xc9f52000-0xc9f58fff]
[    0.000000] PM: Registered nosave memory: [mem 0xc9f5b000-0xc9f67fff]
[    0.000000] PM: Registered nosave memory: [mem 0xc9f68000-0xc9f79fff]
[    0.000000] PM: Registered nosave memory: [mem 0xc9f7d000-0xc9f7efff]
[    0.000000] PM: Registered nosave memory: [mem 0xc9f96000-0xc9f9bfff]
[    0.000000] PM: Registered nosave memory: [mem 0xc9fa4000-0xc9fa4fff]
[    0.000000] PM: Registered nosave memory: [mem 0xc9fb4000-0xc9fb4fff]
[    0.000000] PM: Registered nosave memory: [mem 0xc9fc0000-0xc9fc4fff]
[    0.000000] PM: Registered nosave memory: [mem 0xc9fe4000-0xc9fe5fff]
[    0.000000] PM: Registered nosave memory: [mem 0xc9ff3000-0xc9ff3fff]
[    0.000000] PM: Registered nosave memory: [mem 0xca006000-0xca02cfff]
[    0.000000] PM: Registered nosave memory: [mem 0xca041000-0xca041fff]
[    0.000000] PM: Registered nosave memory: [mem 0xca043000-0xca044fff]
[    0.000000] PM: Registered nosave memory: [mem 0xca046000-0xca04afff]
[    0.000000] PM: Registered nosave memory: [mem 0xca062000-0xca0c1fff]
[    0.000000] PM: Registered nosave memory: [mem 0xca0c2000-0xca0dcfff]
[    0.000000] PM: Registered nosave memory: [mem 0xca0dd000-0xca606fff]
[    0.000000] PM: Registered nosave memory: [mem 0xca607000-0xca886fff]
[    0.000000] PM: Registered nosave memory: [mem 0xca887000-0xca88bfff]
[    0.000000] PM: Registered nosave memory: [mem 0xca88d000-0xca8cffff]
[    0.000000] PM: Registered nosave memory: [mem 0xcace0000-0xcaff3fff]
[    0.000000] PM: Registered nosave memory: [mem 0xcb000000-0xcbbfffff]
[    0.000000] PM: Registered nosave memory: [mem 0xcbc00000-0xcfdfffff]
[    0.000000] PM: Registered nosave memory: [mem 0xcfe00000-0xf7ffffff]
[    0.000000] PM: Registered nosave memory: [mem 0xf8000000-0xfbffffff]
[    0.000000] PM: Registered nosave memory: [mem 0xfc000000-0xfebfffff]
[    0.000000] PM: Registered nosave memory: [mem 0xfec00000-0xfec00fff]
[    0.000000] PM: Registered nosave memory: [mem 0xfec01000-0xfecfffff]
[    0.000000] PM: Registered nosave memory: [mem 0xfed00000-0xfed03fff]
[    0.000000] PM: Registered nosave memory: [mem 0xfed04000-0xfed1bfff]
[    0.000000] PM: Registered nosave memory: [mem 0xfed1c000-0xfed1ffff]
[    0.000000] PM: Registered nosave memory: [mem 0xfed20000-0xfedfffff]
[    0.000000] PM: Registered nosave memory: [mem 0xfee00000-0xfee00fff]
[    0.000000] PM: Registered nosave memory: [mem 0xfee01000-0xfeffffff]
[    0.000000] PM: Registered nosave memory: [mem 0xff000000-0xffffffff]
[    0.000000] [mem 0xcfe00000-0xf7ffffff] available for PCI devices
[    0.000000] Booting paravirtualized kernel on bare hardware
[    0.000000] clocksource: refined-jiffies: mask: 0xffffffff max_cycles: 0xffffffff, max_idle_ns: 6370452778343963 ns
[    0.000000] random: get_random_bytes called from start_kernel+0x95/0x535 with crng_init=0
[    0.000000] setup_percpu: NR_CPUS:320 nr_cpumask_bits:320 nr_cpu_ids:4 nr_node_ids:1
[    0.000000] percpu: Embedded 46 pages/cpu @(____ptrval____) s151552 r8192 d28672 u524288
[    0.000000] pcpu-alloc: s151552 r8192 d28672 u524288 alloc=1*2097152
[    0.000000] pcpu-alloc: [0] 0 1 2 3 
[    0.000000] Built 1 zonelists, mobility grouping on.  Total pages: 1519430
[    0.000000] Policy zone: Normal
[    0.000000] Kernel command line: BOOT_IMAGE=/vmlinuz-linux root=UUID=da44d8a7-e6df-4421-b48d-3d0172d8b05d rw rcutree.rcu_idle_gp_delay=1 quiet
[    0.000000] Calgary: detecting Calgary via BIOS EBDA area
[    0.000000] Calgary: Unable to locate Rio Grande table in EBDA - bailing!
[    0.000000] Memory: 5794456K/6174308K available (10252K kernel code, 1297K rwdata, 3528K rodata, 1488K init, 612K bss, 379852K reserved, 0K cma-reserved)
[    0.000000] SLUB: HWalign=64, Order=0-3, MinObjects=0, CPUs=4, Nodes=1
[    0.000000] Kernel/User page tables isolation: enabled
[    0.000000] ftrace: allocating 33391 entries in 131 pages
[    0.000000] Preemptible hierarchical RCU implementation.
[    0.000000] 	CONFIG_RCU_FANOUT set to non-default value of 32
[    0.000000] 	RCU dyntick-idle grace-period acceleration is enabled.
[    0.000000] 	RCU restricting CPUs from NR_CPUS=320 to nr_cpu_ids=4.
[    0.000000] 	RCU priority boosting: priority 1 delay 500 ms.
[    0.000000] 	Tasks RCU enabled.
[    0.000000] RCU: Adjusting geometry for rcu_fanout_leaf=16, nr_cpu_ids=4
[    0.000000] NR_IRQS: 20736, nr_irqs: 456, preallocated irqs: 16
[    0.000000] 	Offload RCU callbacks from CPUs: (none).
[    0.000000] Console: colour dummy device 80x25
[    0.000000] console [tty0] enabled
[    0.000000] ACPI: Core revision 20180531
[    0.000000] clocksource: hpet: mask: 0xffffffff max_cycles: 0xffffffff, max_idle_ns: 133484882848 ns
[    0.000000] hpet clockevent registered
[    0.000000] APIC: Switch to symmetric I/O mode setup
[    0.000000] DMAR: Host address width 36
[    0.000000] DMAR: DRHD base: 0x000000fed90000 flags: 0x0
[    0.000000] DMAR: dmar0: reg_base_addr fed90000 ver 1:0 cap c0000020e60262 ecap f0101a
[    0.000000] DMAR: DRHD base: 0x000000fed91000 flags: 0x1
[    0.000000] DMAR: dmar1: reg_base_addr fed91000 ver 1:0 cap c9008020660262 ecap f0105a
[    0.000000] DMAR: RMRR base: 0x000000ca59e000 end: 0x000000ca5aafff
[    0.000000] DMAR: RMRR base: 0x000000cbc00000 end: 0x000000cfdfffff
[    0.000000] DMAR-IR: IOAPIC id 2 under DRHD base  0xfed91000 IOMMU 1
[    0.000000] DMAR-IR: HPET id 0 under DRHD base 0xfed91000
[    0.000000] DMAR-IR: Queued invalidation will be enabled to support x2apic and Intr-remapping.
[    0.000000] DMAR-IR: Enabled IRQ remapping in x2apic mode
[    0.000000] x2apic enabled
[    0.000000] Switched APIC routing to cluster x2apic.
[    0.000000] ..TIMER: vector=0x30 apic1=0 pin1=2 apic2=-1 pin2=-1
[    0.016666] tsc: Fast TSC calibration using PIT
[    0.019999] tsc: Detected 1695.983 MHz processor
[    0.019999] clocksource: tsc-early: mask: 0xffffffffffffffff max_cycles: 0x1872548d422, max_idle_ns: 440795279707 ns
[    0.019999] Calibrating delay loop (skipped), value calculated using timer frequency.. 3393.29 BogoMIPS (lpj=5653276)
[    0.019999] pid_max: default: 32768 minimum: 301
[    0.051940] Security Framework initialized
[    0.051942] Yama: becoming mindful.
[    0.053565] Dentry cache hash table entries: 1048576 (order: 11, 8388608 bytes)
[    0.054380] Inode-cache hash table entries: 524288 (order: 10, 4194304 bytes)
[    0.054422] Mount-cache hash table entries: 16384 (order: 5, 131072 bytes)
[    0.054448] Mountpoint-cache hash table entries: 16384 (order: 5, 131072 bytes)
[    0.054753] ENERGY_PERF_BIAS: Set to 'normal', was 'performance'
[    0.054754] ENERGY_PERF_BIAS: View and update with x86_energy_perf_policy(8)
[    0.054760] mce: CPU supports 7 MCE banks
[    0.054770] CPU0: Thermal monitoring enabled (TM1)
[    0.054784] process: using mwait in idle threads
[    0.054788] Last level iTLB entries: 4KB 512, 2MB 8, 4MB 8
[    0.054789] Last level dTLB entries: 4KB 512, 2MB 32, 4MB 32, 1GB 0
[    0.054792] Spectre V2 : Mitigation: Full generic retpoline
[    0.054793] Spectre V2 : Spectre v2 / SpectreRSB mitigation: Filling RSB on context switch
[    0.054793] Spectre V2 : Spectre v2 mitigation: Enabling Indirect Branch Prediction Barrier
[    0.054794] Spectre V2 : Enabling Restricted Speculation for firmware calls
[    0.054796] Speculative Store Bypass: Mitigation: Speculative Store Bypass disabled via prctl and seccomp
[    0.054930] Freeing SMP alternatives memory: 28K
[    0.065024] TSC deadline timer enabled
[    0.065029] smpboot: CPU0: Intel(R) Core(TM) i5-3317U CPU @ 1.70GHz (family: 0x6, model: 0x3a, stepping: 0x9)
[    0.083370] Performance Events: PEBS fmt1+, IvyBridge events, 16-deep LBR, full-width counters, Intel PMU driver.
[    0.083405] ... version:                3
[    0.083406] ... bit width:              48
[    0.083406] ... generic registers:      4
[    0.083408] ... value mask:             0000ffffffffffff
[    0.083409] ... max period:             00007fffffffffff
[    0.083410] ... fixed-purpose events:   3
[    0.083411] ... event mask:             000000070000000f
[    0.090010] Hierarchical SRCU implementation.
[    0.110202] NMI watchdog: Enabled. Permanently consumes one hw-PMU counter.
[    0.116676] smp: Bringing up secondary CPUs ...
[    0.156711] x86: Booting SMP configuration:
[    0.156713] .... node  #0, CPUs:      #1 #2 #3
[    0.242479] smp: Brought up 1 node, 4 CPUs
[    0.242479] smpboot: Max logical packages: 1
[    0.242479] smpboot: Total of 4 processors activated (13573.19 BogoMIPS)
[    0.243626] devtmpfs: initialized
[    0.243626] x86/mm: Memory block size: 128MB
[    0.244173] PM: Registering ACPI NVS region [mem 0xc973d000-0xc9d3dfff] (6295552 bytes)
[    0.244173] PM: Registering ACPI NVS region [mem 0xca607000-0xca886fff] (2621440 bytes)
[    0.244173] PM: Registering ACPI NVS region [mem 0xca88d000-0xca8cffff] (274432 bytes)
[    0.244173] clocksource: jiffies: mask: 0xffffffff max_cycles: 0xffffffff, max_idle_ns: 6370867519511994 ns
[    0.244173] futex hash table entries: 1024 (order: 4, 65536 bytes)
[    0.244173] pinctrl core: initialized pinctrl subsystem
[    0.244173] RTC time: 14:48:26, date: 08/27/18
[    0.244173] NET: Registered protocol family 16
[    0.244173] audit: initializing netlink subsys (disabled)
[    0.244173] audit: type=2000 audit(1535381306.243:1): state=initialized audit_enabled=0 res=1
[    0.244173] cpuidle: using governor ladder
[    0.244173] cpuidle: using governor menu
[    0.244173] ACPI FADT declares the system doesn't support PCIe ASPM, so disable it
[    0.244173] ACPI: bus type PCI registered
[    0.244173] acpiphp: ACPI Hot Plug PCI Controller Driver version: 0.5
[    0.244173] PCI: MMCONFIG for domain 0000 [bus 00-3f] at [mem 0xf8000000-0xfbffffff] (base 0xf8000000)
[    0.244173] PCI: MMCONFIG at [mem 0xf8000000-0xfbffffff] reserved in E820
[    0.244173] PCI: Using configuration type 1 for base access
[    0.244173] core: PMU erratum BJ122, BV98, HSD29 worked around, HT is on
[    0.247448] HugeTLB registered 2.00 MiB page size, pre-allocated 0 pages
[    0.247448] ACPI: Added _OSI(Module Device)
[    0.247448] ACPI: Added _OSI(Processor Device)
[    0.247448] ACPI: Added _OSI(3.0 _SCP Extensions)
[    0.247448] ACPI: Added _OSI(Processor Aggregator Device)
[    0.247448] ACPI: Added _OSI(Linux-Dell-Video)
[    0.247448] ACPI: EC: EC started
[    0.247448] ACPI: EC: interrupt blocked
[    0.247448] ACPI: \: Used as first EC
[    0.247448] ACPI: \: GPE=0x19, EC_CMD/EC_SC=0x66, EC_DATA=0x62
[    0.247448] ACPI: \: Used as boot ECDT EC to handle transactions
[    0.273956] ACPI: 10 ACPI AML tables successfully acquired and loaded
[    0.403525] ACPI: [Firmware Bug]: BIOS _OSI(Linux) query ignored
[    0.404461] ACPI Error: Needed type [Reference], found [Integer] (____ptrval____) (20180531/exresop-69)
[    0.404475] ACPI Error: AE_AML_OPERAND_TYPE, While resolving operands for [Store] (20180531/dswexec-427)
[    0.404486] ACPI Error: Method parse/execution failed \_PR.CPU0._PDC, AE_AML_OPERAND_TYPE (20180531/psparse-516)
[    0.405101] ACPI: Dynamic OEM Table Load:
[    0.405110] ACPI: SSDT 0xFFFFA028E6D27C00 000303 (v01 PmRef  ApIst    00003000 INTL 20051117)
[    0.405645] ACPI: Dynamic OEM Table Load:
[    0.405645] ACPI: SSDT 0xFFFFA028E6CB4800 000119 (v01 PmRef  ApCst    00003000 INTL 20051117)
[    0.405648] ACPI: Interpreter enabled
[    0.405648] ACPI: (supports S0 S3 S4 S5)
[    0.405648] ACPI: Using IOAPIC for interrupt routing
[    0.405648] PCI: Using host bridge windows from ACPI; if necessary, use "pci=nocrs" and report a bug
[    0.405648] ACPI: Enabled 13 GPEs in block 00 to 3F
[    0.481664] ACPI: PCI Root Bridge [PCI0] (domain 0000 [bus 00-3e])
[    0.481674] acpi PNP0A08:00: _OSC: OS supports [ExtendedConfig ASPM ClockPM Segments MSI]
[    0.482287] acpi PNP0A08:00: _OSC: platform does not support [PCIeHotplug SHPCHotplug PME]
[    0.482674] acpi PNP0A08:00: _OSC: OS now controls [AER PCIeCapability LTR]
[    0.482676] acpi PNP0A08:00: FADT indicates ASPM is unsupported, using BIOS configuration
[    0.483860] PCI host bridge to bus 0000:00
[    0.483865] pci_bus 0000:00: root bus resource [io  0x0000-0x0cf7 window]
[    0.483867] pci_bus 0000:00: root bus resource [io  0x0d00-0xffff window]
[    0.483869] pci_bus 0000:00: root bus resource [mem 0x000a0000-0x000bffff window]
[    0.483871] pci_bus 0000:00: root bus resource [mem 0x000d0000-0x000d3fff window]
[    0.483873] pci_bus 0000:00: root bus resource [mem 0x000d4000-0x000d7fff window]
[    0.483876] pci_bus 0000:00: root bus resource [mem 0x000d8000-0x000dbfff window]
[    0.483878] pci_bus 0000:00: root bus resource [mem 0x000dc000-0x000dffff window]
[    0.483880] pci_bus 0000:00: root bus resource [mem 0xcfe00000-0xfeafffff window]
[    0.483883] pci_bus 0000:00: root bus resource [bus 00-3e]
[    0.483895] pci 0000:00:00.0: [8086:0154] type 00 class 0x060000
[    0.484082] pci 0000:00:01.0: [8086:0151] type 01 class 0x060400
[    0.484137] pci 0000:00:01.0: PME# supported from D0 D3hot D3cold
[    0.484311] pci 0000:00:02.0: [8086:0166] type 00 class 0x030000
[    0.484329] pci 0000:00:02.0: reg 0x10: [mem 0xf7400000-0xf77fffff 64bit]
[    0.484338] pci 0000:00:02.0: reg 0x18: [mem 0xd0000000-0xdfffffff 64bit pref]
[    0.484344] pci 0000:00:02.0: reg 0x20: [io  0xf000-0xf03f]
[    0.484364] pci 0000:00:02.0: BAR 2: assigned to efifb
[    0.484593] pci 0000:00:04.0: [8086:0153] type 00 class 0x118000
[    0.484609] pci 0000:00:04.0: reg 0x10: [mem 0xfed98000-0xfed9ffff 64bit]
[    0.484832] pci 0000:00:14.0: [8086:1e31] type 00 class 0x0c0330
[    0.484869] pci 0000:00:14.0: reg 0x10: [mem 0xf7a00000-0xf7a0ffff 64bit]
[    0.484974] pci 0000:00:14.0: PME# supported from D3hot D3cold
[    0.485142] pci 0000:00:16.0: [8086:1e3a] type 00 class 0x078000
[    0.485179] pci 0000:00:16.0: reg 0x10: [mem 0xf7a22000-0xf7a2200f 64bit]
[    0.485283] pci 0000:00:16.0: PME# supported from D0 D3hot D3cold
[    0.485463] pci 0000:00:1a.0: [8086:1e2d] type 00 class 0x0c0320
[    0.485494] pci 0000:00:1a.0: reg 0x10: [mem 0xf7a20000-0xf7a203ff]
[    0.485607] pci 0000:00:1a.0: PME# supported from D0 D3hot D3cold
[    0.485773] pci 0000:00:1b.0: [8086:1e20] type 00 class 0x040300
[    0.485806] pci 0000:00:1b.0: reg 0x10: [mem 0xf7a18000-0xf7a1bfff 64bit]
[    0.485912] pci 0000:00:1b.0: PME# supported from D0 D3hot D3cold
[    0.486079] pci 0000:00:1c.0: [8086:1e10] type 01 class 0x060400
[    0.486204] pci 0000:00:1c.0: PME# supported from D0 D3hot D3cold
[    0.486382] pci 0000:00:1c.1: [8086:1e12] type 01 class 0x060400
[    0.486506] pci 0000:00:1c.1: PME# supported from D0 D3hot D3cold
[    0.486684] pci 0000:00:1c.3: [8086:1e16] type 01 class 0x060400
[    0.486812] pci 0000:00:1c.3: PME# supported from D0 D3hot D3cold
[    0.487002] pci 0000:00:1d.0: [8086:1e26] type 00 class 0x0c0320
[    0.487032] pci 0000:00:1d.0: reg 0x10: [mem 0xf7a1f000-0xf7a1f3ff]
[    0.487149] pci 0000:00:1d.0: PME# supported from D0 D3hot D3cold
[    0.487319] pci 0000:00:1f.0: [8086:1e59] type 00 class 0x060100
[    0.487611] pci 0000:00:1f.2: [8086:1e03] type 00 class 0x010601
[    0.487641] pci 0000:00:1f.2: reg 0x10: [io  0xf0b0-0xf0b7]
[    0.487654] pci 0000:00:1f.2: reg 0x14: [io  0xf0a0-0xf0a3]
[    0.487668] pci 0000:00:1f.2: reg 0x18: [io  0xf090-0xf097]
[    0.487679] pci 0000:00:1f.2: reg 0x1c: [io  0xf080-0xf083]
[    0.487693] pci 0000:00:1f.2: reg 0x20: [io  0xf060-0xf07f]
[    0.487706] pci 0000:00:1f.2: reg 0x24: [mem 0xf7a1e000-0xf7a1e7ff]
[    0.487768] pci 0000:00:1f.2: PME# supported from D3hot
[    0.487930] pci 0000:00:1f.3: [8086:1e22] type 00 class 0x0c0500
[    0.487963] pci 0000:00:1f.3: reg 0x10: [mem 0xf7a1d000-0xf7a1d0ff 64bit]
[    0.487997] pci 0000:00:1f.3: reg 0x20: [io  0xf040-0xf05f]
[    0.488241] pci 0000:01:00.0: [10de:0fdf] type 00 class 0x030200
[    0.488263] pci 0000:01:00.0: reg 0x10: [mem 0xf6000000-0xf6ffffff]
[    0.488278] pci 0000:01:00.0: reg 0x14: [mem 0xe0000000-0xefffffff 64bit pref]
[    0.488293] pci 0000:01:00.0: reg 0x1c: [mem 0xf0000000-0xf1ffffff 64bit pref]
[    0.488303] pci 0000:01:00.0: reg 0x24: [io  0xe000-0xe07f]
[    0.488313] pci 0000:01:00.0: reg 0x30: [mem 0xf7000000-0xf707ffff pref]
[    0.488543] pci 0000:00:01.0: PCI bridge to [bus 01]
[    0.488547] pci 0000:00:01.0:   bridge window [io  0xe000-0xefff]
[    0.488550] pci 0000:00:01.0:   bridge window [mem 0xf6000000-0xf70fffff]
[    0.488555] pci 0000:00:01.0:   bridge window [mem 0xe0000000-0xf1ffffff 64bit pref]
[    0.488638] pci 0000:00:1c.0: PCI bridge to [bus 02]
[    0.488767] pci 0000:03:00.0: [168c:0032] type 00 class 0x028000
[    0.488820] pci 0000:03:00.0: reg 0x10: [mem 0xf7900000-0xf797ffff 64bit]
[    0.488897] pci 0000:03:00.0: reg 0x30: [mem 0xf7980000-0xf798ffff pref]
[    0.489008] pci 0000:03:00.0: supports D1 D2
[    0.489010] pci 0000:03:00.0: PME# supported from D0 D1 D2 D3hot D3cold
[    0.489159] pci 0000:00:1c.1: PCI bridge to [bus 03]
[    0.489167] pci 0000:00:1c.1:   bridge window [mem 0xf7900000-0xf79fffff]
[    0.489275] pci 0000:04:00.0: [10ec:5289] type 00 class 0xff0000
[    0.489318] pci 0000:04:00.0: reg 0x10: [mem 0xf7800000-0xf780ffff]
[    0.489535] pci 0000:04:00.0: supports D1 D2
[    0.489537] pci 0000:04:00.0: PME# supported from D1 D2 D3hot D3cold
[    0.489670] pci 0000:04:00.2: [10ec:8168] type 00 class 0x020000
[    0.489711] pci 0000:04:00.2: reg 0x10: [io  0xd000-0xd0ff]
[    0.489754] pci 0000:04:00.2: reg 0x18: [mem 0xf2104000-0xf2104fff 64bit pref]
[    0.489782] pci 0000:04:00.2: reg 0x20: [mem 0xf2100000-0xf2103fff 64bit pref]
[    0.489913] pci 0000:04:00.2: supports D1 D2
[    0.489915] pci 0000:04:00.2: PME# supported from D0 D1 D2 D3hot D3cold
[    0.490086] pci 0000:00:1c.3: PCI bridge to [bus 04]
[    0.490091] pci 0000:00:1c.3:   bridge window [io  0xd000-0xdfff]
[    0.490096] pci 0000:00:1c.3:   bridge window [mem 0xf7800000-0xf78fffff]
[    0.490103] pci 0000:00:1c.3:   bridge window [mem 0xf2100000-0xf21fffff 64bit pref]
[    0.553621] ACPI: PCI Interrupt Link [LNKA] (IRQs 3 4 5 6 7 10 *11 12)
[    0.553745] ACPI: PCI Interrupt Link [LNKB] (IRQs 3 4 5 6 7 *10 12)
[    0.553864] ACPI: PCI Interrupt Link [LNKC] (IRQs 3 4 5 6 7 *10 12)
[    0.553982] ACPI: PCI Interrupt Link [LNKD] (IRQs 3 4 *5 6 7 10 12)
[    0.554099] ACPI: PCI Interrupt Link [LNKE] (IRQs 3 4 5 6 7 10 12) *0, disabled.
[    0.554216] ACPI: PCI Interrupt Link [LNKF] (IRQs 3 4 5 6 7 10 12) *0, disabled.
[    0.554335] ACPI: PCI Interrupt Link [LNKG] (IRQs *3 4 5 6 7 10 12)
[    0.554452] ACPI: PCI Interrupt Link [LNKH] (IRQs 3 *4 5 6 7 10 12)
[    0.554939] ACPI: EC: interrupt unblocked
[    0.554951] ACPI: EC: event unblocked
[    0.554964] ACPI: \_SB_.PCI0.LPCB.EC0_: GPE=0x19, EC_CMD/EC_SC=0x66, EC_DATA=0x62
[    0.554966] ACPI: \_SB_.PCI0.LPCB.EC0_: Used as boot DSDT EC to handle transactions and events
[    0.555083] pci 0000:00:02.0: vgaarb: setting as boot VGA device
[    0.555083] pci 0000:00:02.0: vgaarb: VGA device added: decodes=io+mem,owns=io+mem,locks=none
[    0.555083] pci 0000:00:02.0: vgaarb: bridge control possible
[    0.555083] vgaarb: loaded
[    0.555083] pps_core: LinuxPPS API ver. 1 registered
[    0.555083] pps_core: Software ver. 5.3.6 - Copyright 2005-2007 Rodolfo Giometti <giometti@linux.it>
[    0.555083] PTP clock support registered
[    0.555083] EDAC MC: Ver: 3.0.0
[    0.555083] Registered efivars operations
[    0.620036] PCI: Using ACPI for IRQ routing
[    0.621553] PCI: pci_cache_line_size set to 64 bytes
[    0.621553] pci 0000:00:04.0: can't claim BAR 0 [mem 0xfed98000-0xfed9ffff 64bit]: no compatible bridge window
[    0.621553] e820: reserve RAM buffer [mem 0x0009f000-0x0009ffff]
[    0.621553] e820: reserve RAM buffer [mem 0x40004000-0x43ffffff]
[    0.621553] e820: reserve RAM buffer [mem 0xc973d000-0xcbffffff]
[    0.621553] e820: reserve RAM buffer [mem 0xc9d58000-0xcbffffff]
[    0.621553] e820: reserve RAM buffer [mem 0xc9d60000-0xcbffffff]
[    0.621553] e820: reserve RAM buffer [mem 0xc9f05000-0xcbffffff]
[    0.621553] e820: reserve RAM buffer [mem 0xc9f52000-0xcbffffff]
[    0.621553] e820: reserve RAM buffer [mem 0xc9f5b000-0xcbffffff]
[    0.621553] e820: reserve RAM buffer [mem 0xc9f7d000-0xcbffffff]
[    0.621553] e820: reserve RAM buffer [mem 0xc9f96000-0xcbffffff]
[    0.621553] e820: reserve RAM buffer [mem 0xc9fa4000-0xcbffffff]
[    0.621553] e820: reserve RAM buffer [mem 0xc9fb4000-0xcbffffff]
[    0.621553] e820: reserve RAM buffer [mem 0xc9fc0000-0xcbffffff]
[    0.621553] e820: reserve RAM buffer [mem 0xc9fe4000-0xcbffffff]
[    0.621553] e820: reserve RAM buffer [mem 0xc9ff3000-0xcbffffff]
[    0.621553] e820: reserve RAM buffer [mem 0xca006000-0xcbffffff]
[    0.621553] e820: reserve RAM buffer [mem 0xca041000-0xcbffffff]
[    0.621553] e820: reserve RAM buffer [mem 0xca043000-0xcbffffff]
[    0.621553] e820: reserve RAM buffer [mem 0xca046000-0xcbffffff]
[    0.621553] e820: reserve RAM buffer [mem 0xca062000-0xcbffffff]
[    0.621553] e820: reserve RAM buffer [mem 0xca88d000-0xcbffffff]
[    0.621553] e820: reserve RAM buffer [mem 0xcace0000-0xcbffffff]
[    0.621553] e820: reserve RAM buffer [mem 0xcb000000-0xcbffffff]
[    0.621553] e820: reserve RAM buffer [mem 0x1af200000-0x1afffffff]
[    0.623335] NetLabel: Initializing
[    0.623335] NetLabel:  domain hash size = 128
[    0.623335] NetLabel:  protocols = UNLABELED CIPSOv4 CALIPSO
[    0.623335] NetLabel:  unlabeled traffic allowed by default
[    0.623919] hpet0: at MMIO 0xfed00000, IRQs 2, 8, 0, 0, 0, 0, 0, 0
[    0.623928] hpet0: 8 comparators, 64-bit 14.318180 MHz counter
[    0.625935] clocksource: Switched to clocksource tsc-early
[    0.639546] VFS: Disk quotas dquot_6.6.0
[    0.639573] VFS: Dquot-cache hash table entries: 512 (order 0, 4096 bytes)
[    0.639682] pnp: PnP ACPI init
[    0.639876] system 00:00: [mem 0xfed40000-0xfed44fff] has been reserved
[    0.639885] system 00:00: Plug and Play ACPI device, IDs PNP0c01 (active)
[    0.693626] system 00:01: [io  0x0680-0x069f] has been reserved
[    0.693629] system 00:01: [io  0x1000-0x100f] has been reserved
[    0.693631] system 00:01: [io  0xffff] has been reserved
[    0.693634] system 00:01: [io  0xffff] has been reserved
[    0.693636] system 00:01: [io  0x0400-0x0453] has been reserved
[    0.693639] system 00:01: [io  0x0458-0x047f] has been reserved
[    0.693641] system 00:01: [io  0x0500-0x057f] has been reserved
[    0.693643] system 00:01: [io  0x164e-0x164f] has been reserved
[    0.693650] system 00:01: Plug and Play ACPI device, IDs PNP0c02 (active)
[    0.693687] pnp 00:02: Plug and Play ACPI device, IDs PNP0b00 (active)
[    0.693776] system 00:03: [io  0x0454-0x0457] has been reserved
[    0.693782] system 00:03: Plug and Play ACPI device, IDs INT3f0d PNP0c02 (active)
[    0.693873] system 00:04: [io  0x04d0-0x04d1] has been reserved
[    0.693879] system 00:04: Plug and Play ACPI device, IDs PNP0c02 (active)
[    0.693990] pnp 00:05: Plug and Play ACPI device, IDs ETD0108 SYN0a00 SYN0002 PNP0f03 PNP0f13 PNP0f12 (active)
[    0.694055] pnp 00:06: Plug and Play ACPI device, IDs ATK3001 PNP030b (active)
[    0.694441] system 00:07: [mem 0xfed1c000-0xfed1ffff] has been reserved
[    0.694444] system 00:07: [mem 0xfed10000-0xfed17fff] has been reserved
[    0.694446] system 00:07: [mem 0xfed18000-0xfed18fff] has been reserved
[    0.694449] system 00:07: [mem 0xfed19000-0xfed19fff] has been reserved
[    0.694452] system 00:07: [mem 0xf8000000-0xfbffffff] has been reserved
[    0.694454] system 00:07: [mem 0xfed20000-0xfed3ffff] has been reserved
[    0.694457] system 00:07: [mem 0xfed90000-0xfed93fff] could not be reserved
[    0.694460] system 00:07: [mem 0xfed45000-0xfed8ffff] has been reserved
[    0.694463] system 00:07: [mem 0xff000000-0xffffffff] has been reserved
[    0.694466] system 00:07: [mem 0xfee00000-0xfeefffff] could not be reserved
[    0.694468] system 00:07: [mem 0xcfe00000-0xcfe00fff] has been reserved
[    0.694475] system 00:07: Plug and Play ACPI device, IDs PNP0c02 (active)
[    0.694627] system 00:08: [mem 0xcfe00000-0xcfe00fff] has been reserved
[    0.694633] system 00:08: Plug and Play ACPI device, IDs PNP0c02 (active)
[    0.694955] system 00:09: [mem 0x20000000-0x201fffff] has been reserved
[    0.694958] system 00:09: [mem 0x40004000-0x40004fff] has been reserved
[    0.694964] system 00:09: Plug and Play ACPI device, IDs PNP0c01 (active)
[    0.695036] pnp: PnP ACPI: found 10 devices
[    0.701421] clocksource: acpi_pm: mask: 0xffffff max_cycles: 0xffffff, max_idle_ns: 2085701024 ns
[    0.701481] pci 0000:00:04.0: BAR 0: assigned [mem 0xcfe08000-0xcfe0ffff 64bit]
[    0.701489] pci 0000:00:01.0: PCI bridge to [bus 01]
[    0.701492] pci 0000:00:01.0:   bridge window [io  0xe000-0xefff]
[    0.701496] pci 0000:00:01.0:   bridge window [mem 0xf6000000-0xf70fffff]
[    0.701500] pci 0000:00:01.0:   bridge window [mem 0xe0000000-0xf1ffffff 64bit pref]
[    0.701504] pci 0000:00:1c.0: PCI bridge to [bus 02]
[    0.701522] pci 0000:00:1c.1: PCI bridge to [bus 03]
[    0.701528] pci 0000:00:1c.1:   bridge window [mem 0xf7900000-0xf79fffff]
[    0.701541] pci 0000:00:1c.3: PCI bridge to [bus 04]
[    0.701544] pci 0000:00:1c.3:   bridge window [io  0xd000-0xdfff]
[    0.701551] pci 0000:00:1c.3:   bridge window [mem 0xf7800000-0xf78fffff]
[    0.701557] pci 0000:00:1c.3:   bridge window [mem 0xf2100000-0xf21fffff 64bit pref]
[    0.701568] pci_bus 0000:00: resource 4 [io  0x0000-0x0cf7 window]
[    0.701570] pci_bus 0000:00: resource 5 [io  0x0d00-0xffff window]
[    0.701573] pci_bus 0000:00: resource 6 [mem 0x000a0000-0x000bffff window]
[    0.701575] pci_bus 0000:00: resource 7 [mem 0x000d0000-0x000d3fff window]
[    0.701577] pci_bus 0000:00: resource 8 [mem 0x000d4000-0x000d7fff window]
[    0.701579] pci_bus 0000:00: resource 9 [mem 0x000d8000-0x000dbfff window]
[    0.701581] pci_bus 0000:00: resource 10 [mem 0x000dc000-0x000dffff window]
[    0.701584] pci_bus 0000:00: resource 11 [mem 0xcfe00000-0xfeafffff window]
[    0.701586] pci_bus 0000:01: resource 0 [io  0xe000-0xefff]
[    0.701588] pci_bus 0000:01: resource 1 [mem 0xf6000000-0xf70fffff]
[    0.701590] pci_bus 0000:01: resource 2 [mem 0xe0000000-0xf1ffffff 64bit pref]
[    0.701593] pci_bus 0000:03: resource 1 [mem 0xf7900000-0xf79fffff]
[    0.701595] pci_bus 0000:04: resource 0 [io  0xd000-0xdfff]
[    0.701597] pci_bus 0000:04: resource 1 [mem 0xf7800000-0xf78fffff]
[    0.701599] pci_bus 0000:04: resource 2 [mem 0xf2100000-0xf21fffff 64bit pref]
[    0.701809] NET: Registered protocol family 2
[    0.702007] tcp_listen_portaddr_hash hash table entries: 4096 (order: 4, 65536 bytes)
[    0.702050] TCP established hash table entries: 65536 (order: 7, 524288 bytes)
[    0.702234] TCP bind hash table entries: 65536 (order: 8, 1048576 bytes)
[    0.702382] TCP: Hash tables configured (established 65536 bind 65536)
[    0.702429] UDP hash table entries: 4096 (order: 5, 131072 bytes)
[    0.702460] UDP-Lite hash table entries: 4096 (order: 5, 131072 bytes)
[    0.702533] NET: Registered protocol family 1
[    0.702540] NET: Registered protocol family 44
[    0.702555] pci 0000:00:02.0: Video device with shadowed ROM at [mem 0x000c0000-0x000dffff]
[    0.723528] pci 0000:00:1a.0: quirk_usb_early_handoff+0x0/0x6c6 took 18781 usecs
[    0.743521] pci 0000:00:1d.0: quirk_usb_early_handoff+0x0/0x6c6 took 19500 usecs
[    0.743559] PCI: CLS 64 bytes, default 64
[    0.743616] Unpacking initramfs...
[    0.968247] Freeing initrd memory: 11132K
[    0.968306] PCI-DMA: Using software bounce buffering for IO (SWIOTLB)
[    0.968311] software IO TLB [mem 0xba73c000-0xbe73c000] (64MB) mapped at [(____ptrval____)-(____ptrval____)]
[    0.968492] Scanning for low memory corruption every 60 seconds
[    0.969251] Initialise system trusted keyrings
[    0.969263] Key type blacklist registered
[    0.969324] workingset: timestamp_bits=41 max_order=21 bucket_order=0
[    0.971021] zbud: loaded
[    0.971426] pstore: using lz4hc compression
[    0.972824] Key type asymmetric registered
[    0.972826] Asymmetric key parser 'x509' registered
[    0.972867] Block layer SCSI generic (bsg) driver version 0.4 loaded (major 245)
[    0.972911] io scheduler noop registered
[    0.972913] io scheduler deadline registered
[    0.972967] io scheduler cfq registered (default)
[    0.972969] io scheduler mq-deadline registered
[    0.972970] io scheduler kyber registered
[    0.972999] io scheduler bfq registered
[    0.974103] shpchp: Standard Hot Plug PCI Controller Driver version: 0.4
[    0.974202] efifb: probing for efifb
[    0.974223] efifb: framebuffer at 0xd0000000, using 3072k, total 3072k
[    0.974224] efifb: mode is 1024x768x32, linelength=4096, pages=1
[    0.974225] efifb: scrolling: redraw
[    0.974227] efifb: Truecolor: size=8:8:8:8, shift=24:16:8:0
[    0.977410] Console: switching to colour frame buffer device 128x48
[    0.980459] fb0: EFI VGA frame buffer device
[    0.980473] intel_idle: MWAIT substates: 0x21120
[    0.980475] intel_idle: v0.4.1 model 0x3A
[    0.980706] intel_idle: lapic_timer_reliable_states 0xffffffff
[    0.980793] input: Lid Switch as /devices/LNXSYSTM:00/LNXSYBUS:00/PNP0C0D:00/input/input0
[    0.980803] ACPI: Lid Switch [LID]
[    0.980852] input: Sleep Button as /devices/LNXSYSTM:00/LNXSYBUS:00/PNP0C0E:00/input/input1
[    0.980869] ACPI: Sleep Button [SLPB]
[    0.980913] input: Power Button as /devices/LNXSYSTM:00/LNXPWRBN:00/input/input2
[    0.980924] ACPI: Power Button [PWRF]
[    0.983026] thermal LNXTHERM:00: registered as thermal_zone0
[    0.983028] ACPI: Thermal Zone [THRM] (38 C)
[    0.983266] Serial: 8250/16550 driver, 4 ports, IRQ sharing enabled
[    0.984897] intel_pstate: Intel P-state driver initializing
[    0.985220] ledtrig-cpu: registered to indicate activity on CPUs
[    0.985933] NET: Registered protocol family 10
[    0.997028] Segment Routing with IPv6
[    0.997094] NET: Registered protocol family 17
[    0.997994] RAS: Correctable Errors collector initialized.
[    0.998104] microcode: sig=0x306a9, pf=0x10, revision=0x20
[    0.998265] microcode: Microcode Update Driver: v2.2.
[    0.998294] sched_clock: Marking stable (998247989, 0)->(986891797, 11356192)
[    0.998592] registered taskstats version 1
[    0.998603] Loading compiled-in X.509 certificates
[    0.998620] zswap: loaded using pool lzo/zbud
[    1.002043] Key type big_key registered
[    1.002497]   Magic number: 14:314:840
[    1.002552] hctosys: unable to open rtc device (rtc0)
[    1.004371] Freeing unused kernel memory: 1488K
[    1.004373] Write protecting the kernel read-only data: 16384k
[    1.004843] Freeing unused kernel memory: 2016K
[    1.005914] Freeing unused kernel memory: 568K
[    1.643057] Linux agpgart interface v0.103
[    1.692403] checking generic (d0000000 300000) vs hw (d0000000 10000000)
[    1.692405] fb: switching to inteldrmfb from EFI VGA
[    1.692425] Console: switching to colour dummy device 80x25
[    1.692513] [drm] Replacing VGA console driver
[    1.694607] [drm] Supports vblank timestamp caching Rev 2 (21.10.2013).
[    1.694608] [drm] Driver supports precise vblank timestamp query.
[    1.696009] i915 0000:00:02.0: vgaarb: changed VGA decodes: olddecodes=io+mem,decodes=io+mem:owns=io+mem
[    1.715807] [drm] Initialized i915 1.6.0 20180514 for 0000:00:02.0 on minor 0
[    1.716084] ACPI: Video Device [PEGP] (multi-head: yes  rom: yes  post: no)
[    1.718402] input: Video Bus as /devices/LNXSYSTM:00/LNXSYBUS:00/PNP0A08:00/device:02/LNXVIDEO:00/input/input3
[    1.720610] ACPI: Video Device [GFX0] (multi-head: yes  rom: no  post: no)
[    1.726200] input: Video Bus as /devices/LNXSYSTM:00/LNXSYBUS:00/PNP0A08:00/LNXVIDEO:01/input/input4
[    1.740312] fbcon: inteldrmfb (fb0) is primary device
[    1.973395] tsc: Refined TSC clocksource calibration: 1696.146 MHz
[    1.973415] clocksource: tsc: mask: 0xffffffffffffffff max_cycles: 0x1872ee7fb19, max_idle_ns: 440795224680 ns
[    1.973491] clocksource: Switched to clocksource tsc
[    2.467515] Console: switching to colour frame buffer device 170x48
[    2.491544] i915 0000:00:02.0: fb0: inteldrmfb frame buffer device
[    2.507710] bbswitch: loading out-of-tree module taints kernel.
[    2.508354] bbswitch: version 0.8
[    2.508370] bbswitch: Found integrated VGA device 0000:00:02.0: \_SB_.PCI0.GFX0
[    2.508381] bbswitch: Found discrete VGA device 0000:01:00.0: \_SB_.PCI0.PEG0.PEGP
[    2.508409] ACPI Warning: \_SB.PCI0.PEG0.PEGP._DSM: Argument #4 type mismatch - Found [Buffer], ACPI requires [Package] (20180531/nsarguments-66)
[    2.508860] bbswitch: detected an Optimus _DSM function
[    2.509044] bbswitch: Succesfully loaded. Discrete card 0000:01:00.0 is on
[    2.586971] i8042: PNP: PS/2 Controller [PNP030b:PS2K,PNP0f03:PS2M] at 0x60,0x64 irq 1,12
[    2.588752] i8042: Detected active multiplexing controller, rev 1.1
[    2.589761] serio: i8042 KBD port at 0x60,0x64 irq 1
[    2.589823] serio: i8042 AUX0 port at 0x60,0x64 irq 12
[    2.589866] serio: i8042 AUX1 port at 0x60,0x64 irq 12
[    2.589910] serio: i8042 AUX2 port at 0x60,0x64 irq 12
[    2.589955] serio: i8042 AUX3 port at 0x60,0x64 irq 12
[    2.598971] ACPI: bus type USB registered
[    2.598997] usbcore: registered new interface driver usbfs
[    2.599011] usbcore: registered new interface driver hub
[    2.599046] usbcore: registered new device driver usb
[    2.601225] ehci_hcd: USB 2.0 'Enhanced' Host Controller (EHCI) Driver
[    2.601312] SCSI subsystem initialized
[    2.603234] ehci-pci: EHCI PCI platform driver
[    2.603481] ehci-pci 0000:00:1a.0: EHCI Host Controller
[    2.603490] ehci-pci 0000:00:1a.0: new USB bus registered, assigned bus number 1
[    2.603506] ehci-pci 0000:00:1a.0: debug port 2
[    2.607429] ehci-pci 0000:00:1a.0: cache line size of 64 is not supported
[    2.607466] ehci-pci 0000:00:1a.0: irq 16, io mem 0xf7a20000
[    2.609319] libata version 3.00 loaded.
[    2.611013] ahci 0000:00:1f.2: version 3.0
[    2.620021] ehci-pci 0000:00:1a.0: USB 2.0 started, EHCI 1.00
[    2.620093] usb usb1: New USB device found, idVendor=1d6b, idProduct=0002, bcdDevice= 4.18
[    2.620096] usb usb1: New USB device strings: Mfr=3, Product=2, SerialNumber=1
[    2.620098] usb usb1: Product: EHCI Host Controller
[    2.620100] usb usb1: Manufacturer: Linux 4.18.1-arch1-1-ARCH ehci_hcd
[    2.620102] usb usb1: SerialNumber: 0000:00:1a.0
[    2.620260] hub 1-0:1.0: USB hub found
[    2.620270] hub 1-0:1.0: 2 ports detected
[    2.620437] xhci_hcd 0000:00:14.0: xHCI Host Controller
[    2.620444] xhci_hcd 0000:00:14.0: new USB bus registered, assigned bus number 2
[    2.621374] ahci 0000:00:1f.2: AHCI 0001.0300 32 slots 6 ports 6 Gbps 0x7 impl SATA mode
[    2.621381] ahci 0000:00:1f.2: flags: 64bit ncq pm led clo pio slum part ems apst 
[    2.621515] xhci_hcd 0000:00:14.0: hcc params 0x20007181 hci version 0x100 quirks 0x000000000000b930
[    2.621521] xhci_hcd 0000:00:14.0: cache line size of 64 is not supported
[    2.621688] usb usb2: New USB device found, idVendor=1d6b, idProduct=0002, bcdDevice= 4.18
[    2.621690] usb usb2: New USB device strings: Mfr=3, Product=2, SerialNumber=1
[    2.621691] usb usb2: Product: xHCI Host Controller
[    2.621692] usb usb2: Manufacturer: Linux 4.18.1-arch1-1-ARCH xhci-hcd
[    2.621694] usb usb2: SerialNumber: 0000:00:14.0
[    2.621800] hub 2-0:1.0: USB hub found
[    2.621811] hub 2-0:1.0: 4 ports detected
[    2.621982] ehci-pci 0000:00:1d.0: EHCI Host Controller
[    2.621986] xhci_hcd 0000:00:14.0: xHCI Host Controller
[    2.621989] ehci-pci 0000:00:1d.0: new USB bus registered, assigned bus number 3
[    2.621991] xhci_hcd 0000:00:14.0: new USB bus registered, assigned bus number 4
[    2.621994] xhci_hcd 0000:00:14.0: Host supports USB 3.0  SuperSpeed
[    2.622004] ehci-pci 0000:00:1d.0: debug port 2
[    2.622035] usb usb4: New USB device found, idVendor=1d6b, idProduct=0003, bcdDevice= 4.18
[    2.622037] usb usb4: New USB device strings: Mfr=3, Product=2, SerialNumber=1
[    2.622038] usb usb4: Product: xHCI Host Controller
[    2.622039] usb usb4: Manufacturer: Linux 4.18.1-arch1-1-ARCH xhci-hcd
[    2.622041] usb usb4: SerialNumber: 0000:00:14.0
[    2.622155] hub 4-0:1.0: USB hub found
[    2.622166] hub 4-0:1.0: 4 ports detected
[    2.625918] ehci-pci 0000:00:1d.0: cache line size of 64 is not supported
[    2.625937] ehci-pci 0000:00:1d.0: irq 23, io mem 0xf7a1f000
[    2.636785] ehci-pci 0000:00:1d.0: USB 2.0 started, EHCI 1.00
[    2.636863] usb usb3: New USB device found, idVendor=1d6b, idProduct=0002, bcdDevice= 4.18
[    2.636865] usb usb3: New USB device strings: Mfr=3, Product=2, SerialNumber=1
[    2.636866] usb usb3: Product: EHCI Host Controller
[    2.636868] usb usb3: Manufacturer: Linux 4.18.1-arch1-1-ARCH ehci_hcd
[    2.636869] usb usb3: SerialNumber: 0000:00:1d.0
[    2.637164] hub 3-0:1.0: USB hub found
[    2.637186] hub 3-0:1.0: 2 ports detected
[    2.640920] scsi host0: ahci
[    2.641121] scsi host1: ahci
[    2.641286] scsi host2: ahci
[    2.641421] scsi host3: ahci
[    2.641554] scsi host4: ahci
[    2.641698] scsi host5: ahci
[    2.641757] ata1: SATA max UDMA/133 abar m2048@0xf7a1e000 port 0xf7a1e100 irq 28
[    2.641761] ata2: SATA max UDMA/133 abar m2048@0xf7a1e000 port 0xf7a1e180 irq 28
[    2.641764] ata3: SATA max UDMA/133 abar m2048@0xf7a1e000 port 0xf7a1e200 irq 28
[    2.641766] ata4: DUMMY
[    2.641767] ata5: DUMMY
[    2.641768] ata6: DUMMY
[    2.655554] input: AT Translated Set 2 keyboard as /devices/platform/i8042/serio0/input/input5
[    2.950061] usb 1-1: new high-speed USB device number 2 using ehci-pci
[    2.954749] ata3: SATA link up 1.5 Gbps (SStatus 113 SControl 300)
[    2.954804] ata1: SATA link up 6.0 Gbps (SStatus 133 SControl 300)
[    2.954848] ata2: SATA link up 6.0 Gbps (SStatus 133 SControl 300)
[    2.956865] ata1.00: ACPI cmd f5/00:00:00:00:00:a0 (SECURITY FREEZE LOCK) filtered out
[    2.958421] ata2.00: ACPI cmd f5/00:00:00:00:00:a0 (SECURITY FREEZE LOCK) filtered out
[    2.959304] ata1.00: ACPI cmd ef/10:06:00:00:00:a0 (SET FEATURES) succeeded
[    2.959315] ata1.00: ACPI cmd ef/10:03:00:00:00:a0 (SET FEATURES) filtered out
[    2.959336] ata2.00: ACPI cmd ef/10:06:00:00:00:a0 (SET FEATURES) succeeded
[    2.959346] ata2.00: ACPI cmd ef/10:03:00:00:00:a0 (SET FEATURES) filtered out
[    2.959798] ata2.00: ATA-8: SG9MSM6D024GPM00, S8FM05.3, max UDMA/133
[    2.959809] ata2.00: 43975008 sectors, multi 16: LBA48 NCQ (depth 32), AA
[    2.960096] ata3.00: ACPI cmd ef/10:06:00:00:00:a0 (SET FEATURES) succeeded
[    2.960103] ata3.00: ACPI cmd ef/10:03:00:00:00:a0 (SET FEATURES) filtered out
[    2.960131] ata1.00: ATA-10: WDC WD5000LPCX-00VHAT0, 01.01A01, max UDMA/133
[    2.960139] ata1.00: 976773168 sectors, multi 16: LBA48 NCQ (depth 32), AA
[    2.961237] ata2.00: ACPI cmd f5/00:00:00:00:00:a0 (SECURITY FREEZE LOCK) filtered out
[    2.961281] ata2.00: ACPI cmd ef/10:06:00:00:00:a0 (SET FEATURES) succeeded
[    2.961289] ata2.00: ACPI cmd ef/10:03:00:00:00:a0 (SET FEATURES) filtered out
[    2.961729] ata2.00: configured for UDMA/133
[    2.962345] ata1.00: ACPI cmd f5/00:00:00:00:00:a0 (SECURITY FREEZE LOCK) filtered out
[    2.962397] ata3.00: ATAPI: MATSHITADVD-RAM UJ8C2 S, 1.00, max UDMA/133
[    2.962501] ata1.00: ACPI cmd ef/10:06:00:00:00:a0 (SET FEATURES) succeeded
[    2.962505] ata1.00: ACPI cmd ef/10:03:00:00:00:a0 (SET FEATURES) filtered out
[    2.963286] ata1.00: configured for UDMA/133
[    2.963789] scsi 0:0:0:0: Direct-Access     ATA      WDC WD5000LPCX-0 1A01 PQ: 0 ANSI: 5
[    2.964890] scsi 1:0:0:0: Direct-Access     ATA      SG9MSM6D024GPM00 05.3 PQ: 0 ANSI: 5
[    2.965948] ata3.00: ACPI cmd ef/10:06:00:00:00:a0 (SET FEATURES) succeeded
[    2.965955] ata3.00: ACPI cmd ef/10:03:00:00:00:a0 (SET FEATURES) filtered out
[    2.966758] usb 3-1: new high-speed USB device number 2 using ehci-pci
[    2.967944] ata3.00: configured for UDMA/133
[    2.973481] scsi 2:0:0:0: CD-ROM            MATSHITA DVD-RAM UJ8C2 S  1.00 PQ: 0 ANSI: 5
[    3.017371] sd 0:0:0:0: [sda] 976773168 512-byte logical blocks: (500 GB/466 GiB)
[    3.017375] sd 0:0:0:0: [sda] 4096-byte physical blocks
[    3.017393] sd 0:0:0:0: [sda] Write Protect is off
[    3.017396] sd 0:0:0:0: [sda] Mode Sense: 00 3a 00 00
[    3.017423] sd 0:0:0:0: [sda] Write cache: enabled, read cache: enabled, doesn't support DPO or FUA
[    3.017523] sd 1:0:0:0: [sdb] 43975008 512-byte logical blocks: (22.5 GB/21.0 GiB)
[    3.017539] sd 1:0:0:0: [sdb] Write Protect is off
[    3.017542] sd 1:0:0:0: [sdb] Mode Sense: 00 3a 00 00
[    3.017565] sd 1:0:0:0: [sdb] Write cache: enabled, read cache: enabled, doesn't support DPO or FUA
[    3.021022]  sdb: sdb1 sdb2
[    3.021396] sd 1:0:0:0: [sdb] Attached SCSI disk
[    3.049148] sr 2:0:0:0: [sr0] scsi3-mmc drive: 24x/24x writer dvd-ram cd/rw xa/form2 cdda tray
[    3.049153] cdrom: Uniform CD-ROM driver Revision: 3.20
[    3.049570] sr 2:0:0:0: Attached scsi CD-ROM sr0
[    3.097513] usb 1-1: New USB device found, idVendor=8087, idProduct=0024, bcdDevice= 0.00
[    3.097522] usb 1-1: New USB device strings: Mfr=0, Product=0, SerialNumber=0
[    3.098276] hub 1-1:1.0: USB hub found
[    3.098480] hub 1-1:1.0: 6 ports detected
[    3.113433]  sda: sda1 sda2 sda3
[    3.114006] usb 3-1: New USB device found, idVendor=8087, idProduct=0024, bcdDevice= 0.00
[    3.114011] usb 3-1: New USB device strings: Mfr=0, Product=0, SerialNumber=0
[    3.114307] hub 3-1:1.0: USB hub found
[    3.114346] sd 0:0:0:0: [sda] Attached SCSI disk
[    3.114382] hub 3-1:1.0: 6 ports detected
[    3.162358] random: fast init done
[    3.383465] usb 1-1.1: new full-speed USB device number 3 using ehci-pci
[    3.482299] usb 1-1.1: New USB device found, idVendor=04ca, idProduct=3005, bcdDevice= 0.01
[    3.482304] usb 1-1.1: New USB device strings: Mfr=1, Product=2, SerialNumber=3
[    3.482306] usb 1-1.1: Product: Bluetooth USB Host Controller
[    3.482308] usb 1-1.1: Manufacturer: Atheros Communications
[    3.482310] usb 1-1.1: SerialNumber: Alaska Day 2006
[    3.560136] usb 1-1.3: new high-speed USB device number 4 using ehci-pci
[    3.760069] usb 1-1.3: New USB device found, idVendor=13d3, idProduct=5165, bcdDevice= 8.23
[    3.760074] usb 1-1.3: New USB device strings: Mfr=3, Product=1, SerialNumber=2
[    3.760077] usb 1-1.3: Product: USB Camera
[    3.760081] usb 1-1.3: Manufacturer: Azurewave
[    3.760083] usb 1-1.3: SerialNumber: NULL
[    3.838724] EXT4-fs (sda3): mounted filesystem with ordered data mode. Opts: (null)
[    5.039327] random: crng init done
[    5.926734] systemd[1]: systemd 239 running in system mode. (+PAM -AUDIT -SELINUX -IMA -APPARMOR +SMACK -SYSVINIT +UTMP +LIBCRYPTSETUP +GCRYPT +GNUTLS +ACL +XZ +LZ4 +SECCOMP +BLKID +ELFUTILS +KMOD -IDN2 +IDN +PCRE2 default-hierarchy=hybrid)
[    5.943976] systemd[1]: Detected architecture x86-64.
[    5.992316] systemd[1]: Set hostname to <zz>.
[    8.035104] systemd[1]: Listening on Journal Socket.
[    8.038099] systemd[1]: Created slice system-systemd\x2dfsck.slice.
[    8.038493] systemd[1]: Created slice User and Session Slice.
[    8.101418] systemd[1]: Listening on LVM2 poll daemon socket.
[    8.101503] systemd[1]: Reached target Remote File Systems.
[    8.110668] systemd[1]: Listening on Process Core Dump Socket.
[    8.110976] systemd[1]: Listening on udev Control Socket.
[    8.419452] EXT4-fs (sda3): re-mounted. Opts: data=ordered
[    8.909940] vboxdrv: Found 4 processor cores
[    8.930877] vboxdrv: TSC mode is Invariant, tentative frequency 1696142407 Hz
[    8.930882] vboxdrv: Successfully loaded version 5.2.18 (interface 0x00290001)
[    8.961802] systemd-journald[279]: Received request to flush runtime journal from PID 1
[    8.997743] VBoxPciLinuxInit
[    8.997759] vboxpci: IOMMU not found (not registered)
[    9.040617] VBoxNetAdp: Successfully started.
[    9.115114] VBoxNetFlt: Successfully started.
[   12.177962] i801_smbus 0000:00:1f.3: SMBus using PCI interrupt
[   12.195769] ACPI: Battery Slot [BAT0] (battery absent)
[   12.337869] ACPI: AC Adapter [AC0] (on-line)
[   12.446153] rtc_cmos 00:02: RTC can wake from S4
[   12.446379] rtc_cmos 00:02: registered as rtc0
[   12.446406] rtc_cmos 00:02: alarms up to one month, y3k, 242 bytes nvram, hpet irqs
[   12.552033] input: Asus Wireless Radio Control as /devices/LNXSYSTM:00/LNXSYBUS:00/ATK4001:00/input/input10
[   12.982282] input: PC Speaker as /devices/platform/pcspkr/input/input11
[   13.023695] r8169 Gigabit Ethernet driver 2.3LK-NAPI loaded
[   13.023710] r8169 0000:04:00.2: can't disable ASPM; OS doesn't have ASPM control
[   13.024667] r8169 0000:04:00.2 eth0: RTL8411, 78:24:af:72:59:bb, XID 48800800, IRQ 31
[   13.024670] r8169 0000:04:00.2 eth0: jumbo features [frames: 9200 bytes, tx checksumming: ko]
[   13.039774] snd_hda_intel 0000:00:1b.0: bound 0000:00:02.0 (ops i915_audio_component_bind_ops [i915])
[   13.162140] RAPL PMU: API unit is 2^-32 Joules, 3 fixed counters, 163840 ms ovfl timer
[   13.162142] RAPL PMU: hw unit of domain pp0-core 2^-16 Joules
[   13.162142] RAPL PMU: hw unit of domain package 2^-16 Joules
[   13.162143] RAPL PMU: hw unit of domain pp1-gpu 2^-16 Joules
[   13.524551] snd_hda_codec_realtek hdaudioC0D0: autoconfig for ALC270: line_outs=1 (0x14/0x0/0x0/0x0/0x0) type:speaker
[   13.524554] snd_hda_codec_realtek hdaudioC0D0:    speaker_outs=0 (0x0/0x0/0x0/0x0/0x0)
[   13.524556] snd_hda_codec_realtek hdaudioC0D0:    hp_outs=1 (0x1a/0x0/0x0/0x0/0x0)
[   13.524557] snd_hda_codec_realtek hdaudioC0D0:    mono: mono_out=0x0
[   13.524558] snd_hda_codec_realtek hdaudioC0D0:    inputs:
[   13.524560] snd_hda_codec_realtek hdaudioC0D0:      Mic=0x19
[   13.534368] iTCO_vendor_support: vendor-support=0
[   13.557149] iTCO_wdt: Intel TCO WatchDog Timer Driver v1.11
[   13.557212] iTCO_wdt: Found a Panther Point TCO device (Version=2, TCOBASE=0x0460)
[   13.557352] iTCO_wdt: initialized. heartbeat=30 sec (nowayout=0)
[   13.582871] cfg80211: Loading compiled-in X.509 certificates for regulatory database
[   13.586662] cfg80211: Loaded X.509 cert 'sforshee: 00b28ddf47aef9cea7'
[   13.589513] asus_wmi: ASUS WMI generic driver loaded
[   13.680640] gpio_ich: GPIO from 436 to 511 on gpio_ich
[   13.690952] asus_wmi: Initialization: 0x1
[   13.691010] asus_wmi: BIOS WMI version: 7.9
[   13.691079] asus_wmi: SFUN value: 0x4a0877
[   13.693002] input: Asus WMI hotkeys as /devices/platform/asus-nb-wmi/input/input17
[   13.708350] asus_wmi: Number of fans: 1
[   13.857780] ath: phy0: Disable PLL PowerSave
[   13.865418] ath: phy0: ASPM enabled: 0x42
[   13.865421] ath: EEPROM regdomain: 0x60
[   13.865421] ath: EEPROM indicates we should expect a direct regpair map
[   13.865423] ath: Country alpha2 being used: 00
[   13.865424] ath: Regpair used: 0x60
[   13.937960] input: HDA Intel PCH Headphone Mic as /devices/pci0000:00/0000:00:1b.0/sound/card0/input16
[   13.938114] input: HDA Intel PCH HDMI/DP,pcm=3 as /devices/pci0000:00/0000:00:1b.0/sound/card0/input18
[   13.967629] psmouse serio4: elantech: assuming hardware version 4 (with firmware version 0x361f01)
[   13.981200] psmouse serio4: elantech: Synaptics capabilities query result 0x00, 0x15, 0x0c.
[   13.983434] ieee80211 phy0: Selected rate control algorithm 'minstrel_ht'
[   13.983790] ieee80211 phy0: Atheros AR9485 Rev:1 mem=0xffffbcb581900000, irq=17
[   13.995288] psmouse serio4: elantech: Elan sample query result 03, 23, 75
[   13.998659] platform regulatory.0: Direct firmware load for regulatory.db failed with error -2
[   13.998663] cfg80211: failed to load regulatory.db
[   14.063698] input: ETPS/2 Elantech Touchpad as /devices/platform/i8042/serio4/input/input15
[   14.410155] cryptd: max_cpu_qlen set to 1000
[   14.495917] AVX version of gcm_enc/dec engaged.
[   14.495918] AES CTR mode by8 optimization enabled
[   15.489834] Bluetooth: Core ver 2.22
[   15.489859] NET: Registered protocol family 31
[   15.489861] Bluetooth: HCI device and connection manager initialized
[   15.489865] Bluetooth: HCI socket layer initialized
[   15.489868] Bluetooth: L2CAP socket layer initialized
[   15.489876] Bluetooth: SCO socket layer initialized
[   15.490635] intel_rapl: Found RAPL domain package
[   15.490637] intel_rapl: Found RAPL domain core
[   15.490638] intel_rapl: Found RAPL domain uncore
[   15.549826] r8169 0000:04:00.2 enp4s0f2: renamed from eth0
[   15.562473] usbcore: registered new interface driver btusb
[   15.656724] media: Linux media interface: v0.10
[   15.709348] videodev: Linux video capture interface: v2.00
[   15.879236] usbcore: registered new interface driver ath3k
[   15.920855] usb 1-1.1: USB disconnect, device number 3
[   16.071477] mousedev: PS/2 mouse device common for all mice
[   16.074701] ath9k 0000:03:00.0 wlp3s0: renamed from wlan0
[   16.126724] usb 1-1.1: new full-speed USB device number 5 using ehci-pci
[   16.145123] uvcvideo: Found UVC 1.00 device USB Camera (13d3:5165)
[   16.164172] uvcvideo 1-1.3:1.0: Entity type for entity Extension 4 was not initialized!
[   16.164177] uvcvideo 1-1.3:1.0: Entity type for entity Processing 2 was not initialized!
[   16.164179] uvcvideo 1-1.3:1.0: Entity type for entity Camera 1 was not initialized!
[   16.164346] input: USB Camera: USB 2.0 UVC HD Webc as /devices/pci0000:00/0000:00:1a.0/usb1/1-1/1-1.3/1-1.3:1.0/input/input19
[   16.164499] usbcore: registered new interface driver uvcvideo
[   16.164500] USB Video Class driver (1.1.1)
[   19.367527] EXT4-fs (sda2): mounted filesystem with ordered data mode. Opts: data=ordered
[   20.299157] Adding 4194300k swap on /home/archie/swapfile.  Priority:-2 extents:41 across:5046268k FS
[   21.275912] usb 1-1.1: New USB device found, idVendor=04ca, idProduct=3005, bcdDevice= 0.02
[   21.275921] usb 1-1.1: New USB device strings: Mfr=1, Product=2, SerialNumber=3
[   21.275926] usb 1-1.1: Product: Bluetooth USB Host Controller
[   21.275930] usb 1-1.1: Manufacturer: Atheros Communications
[   21.275934] usb 1-1.1: SerialNumber: Alaska Day 2006
[   22.252330] r8169 0000:04:00.2 enp4s0f2: link down
[   22.252419] IPv6: ADDRCONF(NETDEV_UP): enp4s0f2: link is not ready
[   22.799374] openvswitch: Open vSwitch switching datapath
[   26.743789] bbswitch: disabling discrete graphics
XULAMBS
# [   32.902614] audit: type=1006 audit(1535381338.896:2): pid=530 uid=0 old-auid=4294967295 auid=666 tty=tty1 old-ses=4294967295 ses=1 res=1
# [   33.582515] audit: type=1006 audit(1535381339.576:3): pid=600 uid=0 old-auid=4294967295 auid=666 tty=(none) old-ses=4294967295 ses=2 res=1
[   62.636111] 8021q: 802.1Q VLAN Support v1.8
[   62.732528] IPv6: ADDRCONF(NETDEV_UP): wlp3s0: link is not ready
[   64.275439] wlp3s0: authenticate with 00:19:07:8d:1c:42
[   64.295675] wlp3s0: send auth to 00:19:07:8d:1c:42 (try 1/3)
[   64.299425] wlp3s0: authenticated
[   64.300039] wlp3s0: associate with 00:19:07:8d:1c:42 (try 1/3)
[   64.303728] wlp3s0: RX AssocResp from 00:19:07:8d:1c:42 (capab=0x431 status=0 aid=56)
[   64.304523] wlp3s0: associated
[   64.328790] wlp3s0: Limiting TX power to 20 dBm as advertised by 00:19:07:8d:1c:42
[   65.315798] IPv6: ADDRCONF(NETDEV_CHANGE): wlp3s0: link becomes ready
[   65.845353] IPv6: wlp3s0: IPv6 duplicate address fe80::2db6:aa8e:ac4a:fd40 used by 5c:c9:d3:42:6a:aa detected!
[   73.816652] fuse init (API version 7.27)
